[     994ms] [INFO] %cDownload the React DevTools for a better development experience: https://react.dev/link/react-devtools font-weight:bold @ http://localhost:3000/_next/static/chunks/e00ff_next_dist_compiled_react-dom_83ad35ed._.js:14537
[    1210ms] [WARNING] Swiper Loop Warning: The number of slides is not enough for loop mode, it will be disabled or not function properly. You need to add more slides (or make duplicates) or lower the values of slidesPerView and slidesPerGroup parameters @ http://localhost:3000/_next/static/chunks/37b53_swiper_a7a860b8._.js:436
[    1216ms] [LOG] Google Analytics initialized with denied consent @ :10
[    1226ms] [LOG] Google Analytics consent restored: granted @ http://localhost:3000/_next/static/chunks/projects_uvibes-sitevitrine_src_components_12a11f02._.js:34
[    1248ms] [WARNING] Image with src "http://localhost:3000/images/Vibration-right.svg" has either width or height modified, but not the other. If you use CSS to change the size of your image, also include the styles 'width: "auto"' or 'height: "auto"' to maintain the aspect ratio. @ http://localhost:3000/_next/static/chunks/e00ff_next_dist_401433b6._.js:1014
[    1713ms] [WARNING] Swiper Loop Warning: The number of slides is not enough for loop mode, it will be disabled or not function properly. You need to add more slides (or make duplicates) or lower the values of slidesPerView and slidesPerGroup parameters @ http://localhost:3000/_next/static/chunks/37b53_swiper_a7a860b8._.js:436
[    1725ms] [LOG] [Object, Object, Object, Object, Object] @ http://localhost:3000/_next/static/chunks/projects_uvibes-sitevitrine_3cd26a68._.js:1956
[  864345ms] [ERROR] ./projects/uvibes-sitevitrine/src/components/section/WhyUvibes.tsx:1:1
Parsing ecmascript source code failed
> 1 | “use client”;
    | ^
  2 |
  3 | import { useEffect, useRef } from “react”;
  4 | import { getVideoUrl } from “@/utils/videoUrl”;

Unexpected character '“'

Import trace:
  Server Component:
    ./projects/uvibes-sitevitrine/src/components/section/WhyUvibes.tsx
    ./projects/uvibes-sitevitrine/src/app/page.tsx @ http://localhost:3000/_next/static/chunks/e00ff_next_dist_401433b6._.js:2405
[  864362ms] [LOG] {file: Object} @ http://localhost:3000/_next/static/chunks/e00ff_next_dist_compiled_next-devtools_index_8a60341f.js:16058
[  864411ms] [LOG] [Fast Refresh] rebuilding @ http://localhost:3000/_next/static/chunks/e00ff_next_dist_client_2572762d._.js:5956
[  885283ms] [ERROR] ./projects/uvibes-sitevitrine/src/components/section/WhyUvibes.tsx:1:1
Parsing ecmascript source code failed
> 1 | “use client”;
    | ^
  2 |
  3 | import { useEffect, useRef } from “react”;
  4 | import { getVideoUrl } from “@/utils/videoUrl”;

Unexpected character '“'

Import trace:
  Server Component:
    ./projects/uvibes-sitevitrine/src/components/section/WhyUvibes.tsx
    ./projects/uvibes-sitevitrine/src/app/page.tsx @ http://localhost:3000/_next/static/chunks/e00ff_next_dist_401433b6._.js:2405
[  885327ms] [LOG] [Fast Refresh] rebuilding @ http://localhost:3000/_next/static/chunks/e00ff_next_dist_client_2572762d._.js:5956
