[    1520ms] [INFO] %cDownload the React DevTools for a better development experience: https://react.dev/link/react-devtools font-weight:bold @ http://localhost:3000/_next/static/chunks/e00ff_next_dist_compiled_react-dom_83ad35ed._.js:14537
[    1722ms] [WARNING] Swiper Loop Warning: The number of slides is not enough for loop mode, it will be disabled or not function properly. You need to add more slides (or make duplicates) or lower the values of slidesPerView and slidesPerGroup parameters @ http://localhost:3000/_next/static/chunks/37b53_swiper_a7a860b8._.js:436
[    1728ms] [LOG] Google Analytics initialized with denied consent @ :10
[    1740ms] [LOG] Google Analytics consent restored: granted @ http://localhost:3000/_next/static/chunks/projects_uvibes-sitevitrine_src_components_12a11f02._.js:34
[    1765ms] [WARNING] Image with src "http://localhost:3000/images/Vibration-right.svg" has either width or height modified, but not the other. If you use CSS to change the size of your image, also include the styles 'width: "auto"' or 'height: "auto"' to maintain the aspect ratio. @ http://localhost:3000/_next/static/chunks/e00ff_next_dist_401433b6._.js:1014
[    2119ms] [LOG] [Object, Object, Object, Object, Object] @ http://localhost:3000/_next/static/chunks/projects_uvibes-sitevitrine_096c38ae._.js:2440
[   98170ms] [LOG] [Fast Refresh] rebuilding @ http://localhost:3000/_next/static/chunks/e00ff_next_dist_client_2572762d._.js:5956
[   98306ms] [WARNING] [HMR] Invalid message: {"isTrusted":true}
TypeError: Cannot convert undefined or null to object
    at Object.keys (<anonymous>)
    at extractModulesFromTurbopackMessage (http://localhost:3000/_next/static/chunks/e00ff_next_dist_client_2572762d._.js:5981:39)
    at TurbopackHmr.onTurbopackMessage (http://localhost:3000/_next/static/chunks/e00ff_next_dist_client_2572762d._.js:5879:32)
    at processMessage (http://localhost:3000/_next/static/chunks/e00ff_next_dist_client_2572762d._.js:6283:30)
    at WebSocket.handler (http://localhost:3000/_next/static/chunks/e00ff_next_dist_client_2572762d._.js:6424:17) @ http://localhost:3000/_next/static/chunks/e00ff_next_dist_client_2572762d._.js:5609
[   98382ms] ReferenceError: HeroWaves is not defined
    at HeroBanner (http://localhost:3000/_next/static/chunks/projects_uvibes-sitevitrine_27083596._.js?id=%255Bproject%255D%252Fprojects%252Fuvibes-sitevitrine%252Fsrc%252Fcomponents%252Fbanner%252FheroBanner.tsx+%255Bapp-client%255D+%2528ecmascript%2529:22:381)
    at Object.react_stack_bottom_frame (http://localhost:3000/_next/static/chunks/e00ff_next_dist_compiled_react-dom_83ad35ed._.js:13072:24)
    at renderWithHooks (http://localhost:3000/_next/static/chunks/e00ff_next_dist_compiled_react-dom_83ad35ed._.js:4091:24)
    at updateFunctionComponent (http://localhost:3000/_next/static/chunks/e00ff_next_dist_compiled_react-dom_83ad35ed._.js:5523:21)
    at beginWork (http://localhost:3000/_next/static/chunks/e00ff_next_dist_compiled_react-dom_83ad35ed._.js:6111:24)
    at runWithFiberInDEV (http://localhost:3000/_next/static/chunks/e00ff_next_dist_compiled_react-dom_83ad35ed._.js:886:74)
    at performUnitOfWork (http://localhost:3000/_next/static/chunks/e00ff_next_dist_compiled_react-dom_83ad35ed._.js:8298:97)
    at workLoopSync (http://localhost:3000/_next/static/chunks/e00ff_next_dist_compiled_react-dom_83ad35ed._.js:8190:40)
    at renderRootSync (http://localhost:3000/_next/static/chunks/e00ff_next_dist_compiled_react-dom_83ad35ed._.js:8173:13)
    at performWorkOnRoot (http://localhost:3000/_next/static/chunks/e00ff_next_dist_compiled_react-dom_83ad35ed._.js:7908:212)
    at performSyncWorkOnRoot (http://localhost:3000/_next/static/chunks/e00ff_next_dist_compiled_react-dom_83ad35ed._.js:8890:9)
    at flushSyncWorkAcrossRoots_impl (http://localhost:3000/_next/static/chunks/e00ff_next_dist_compiled_react-dom_83ad35ed._.js:8809:316)
    at flushSyncWork$1 (http://localhost:3000/_next/static/chunks/e00ff_next_dist_compiled_react-dom_83ad35ed._.js:8048:86)
    at Object.scheduleRefresh (http://localhost:3000/_next/static/chunks/e00ff_next_dist_compiled_react-dom_83ad35ed._.js:294:13)
    at http://localhost:3000/_next/static/chunks/e00ff_next_dist_compiled_a8420bc9._.js:391:33
    at Set.forEach (<anonymous>)
    at Object.performReactRefresh (http://localhost:3000/_next/static/chunks/e00ff_next_dist_compiled_a8420bc9._.js:384:38)
    at applyUpdate (http://localhost:3000/_next/static/chunks/e00ff_next_dist_compiled_a8420bc9._.js:878:31)
    at http://localhost:3000/_next/static/chunks/e00ff_next_dist_compiled_a8420bc9._.js:886:13
[   98408ms] [WARNING] [HMR] Invalid message: {"isTrusted":true}
TypeError: Cannot convert undefined or null to object
    at Object.keys (<anonymous>)
    at extractModulesFromTurbopackMessage (http://localhost:3000/_next/static/chunks/e00ff_next_dist_client_2572762d._.js:5981:39)
    at TurbopackHmr.onTurbopackMessage (http://localhost:3000/_next/static/chunks/e00ff_next_dist_client_2572762d._.js:5879:32)
    at processMessage (http://localhost:3000/_next/static/chunks/e00ff_next_dist_client_2572762d._.js:6283:30)
    at WebSocket.handler (http://localhost:3000/_next/static/chunks/e00ff_next_dist_client_2572762d._.js:6424:17) @ http://localhost:3000/_next/static/chunks/e00ff_next_dist_client_2572762d._.js:5609
[   98408ms] [WARNING] [HMR] Invalid message: {"isTrusted":true}
TypeError: Cannot convert undefined or null to object
    at Object.keys (<anonymous>)
    at extractModulesFromTurbopackMessage (http://localhost:3000/_next/static/chunks/e00ff_next_dist_client_2572762d._.js:5981:39)
    at TurbopackHmr.onTurbopackMessage (http://localhost:3000/_next/static/chunks/e00ff_next_dist_client_2572762d._.js:5879:32)
    at processMessage (http://localhost:3000/_next/static/chunks/e00ff_next_dist_client_2572762d._.js:6283:30)
    at WebSocket.handler (http://localhost:3000/_next/static/chunks/e00ff_next_dist_client_2572762d._.js:6424:17) @ http://localhost:3000/_next/static/chunks/e00ff_next_dist_client_2572762d._.js:5609
[   98419ms] [LOG] [Fast Refresh] done in 343ms @ http://localhost:3000/_next/static/chunks/e00ff_next_dist_client_2572762d._.js:5816
[  105919ms] [LOG] [Fast Refresh] rebuilding @ http://localhost:3000/_next/static/chunks/e00ff_next_dist_client_2572762d._.js:5956
[  105939ms] [WARNING] [Fast Refresh] performing full reload because your application had an unrecoverable error @ http://localhost:3000/_next/static/chunks/e00ff_next_dist_client_2572762d._.js:6289
[  106014ms] [WARNING] Swiper Loop Warning: The number of slides is not enough for loop mode, it will be disabled or not function properly. You need to add more slides (or make duplicates) or lower the values of slidesPerView and slidesPerGroup parameters @ http://localhost:3000/_next/static/chunks/37b53_swiper_a7a860b8._.js:436
[  106032ms] [LOG] Google Analytics consent restored: granted @ http://localhost:3000/_next/static/chunks/projects_uvibes-sitevitrine_src_components_12a11f02._.js:34
[  106056ms] [LOG] [Fast Refresh] done in 31ms @ http://localhost:3000/_next/static/chunks/e00ff_next_dist_client_2572762d._.js:5816
[  106483ms] [LOG] [Object, Object, Object, Object, Object] @ http://localhost:3000/_next/static/chunks/projects_uvibes-sitevitrine_096c38ae._.js:2440
[  107200ms] [INFO] %cDownload the React DevTools for a better development experience: https://react.dev/link/react-devtools font-weight:bold @ http://localhost:3000/_next/static/chunks/e00ff_next_dist_compiled_react-dom_83ad35ed._.js:14537
[  107411ms] [WARNING] Swiper Loop Warning: The number of slides is not enough for loop mode, it will be disabled or not function properly. You need to add more slides (or make duplicates) or lower the values of slidesPerView and slidesPerGroup parameters @ http://localhost:3000/_next/static/chunks/37b53_swiper_a7a860b8._.js:436
[  107414ms] [LOG] Google Analytics initialized with denied consent @ :10
[  107423ms] [LOG] Google Analytics consent restored: granted @ http://localhost:3000/_next/static/chunks/projects_uvibes-sitevitrine_src_components_12a11f02._.js:34
[  107444ms] [WARNING] Image with src "http://localhost:3000/images/Vibration-right.svg" has either width or height modified, but not the other. If you use CSS to change the size of your image, also include the styles 'width: "auto"' or 'height: "auto"' to maintain the aspect ratio. @ http://localhost:3000/_next/static/chunks/e00ff_next_dist_401433b6._.js:1014
[  107680ms] [LOG] [Object, Object, Object, Object, Object] @ http://localhost:3000/_next/static/chunks/projects_uvibes-sitevitrine_27083596._.js:2306
[  118104ms] [LOG] [Fast Refresh] rebuilding @ http://localhost:3000/_next/static/chunks/e00ff_next_dist_client_2572762d._.js:5956
[  118135ms] [LOG] [Fast Refresh] done in 20ms @ http://localhost:3000/_next/static/chunks/e00ff_next_dist_client_2572762d._.js:5816
