[     790ms] [INFO] %cDownload the React DevTools for a better development experience: https://react.dev/link/react-devtools font-weight:bold @ http://localhost:3000/_next/static/chunks/e00ff_next_dist_compiled_react-dom_83ad35ed._.js:14537
[     948ms] [WARNING] Swiper Loop Warning: The number of slides is not enough for loop mode, it will be disabled or not function properly. You need to add more slides (or make duplicates) or lower the values of slidesPerView and slidesPerGroup parameters @ http://localhost:3000/_next/static/chunks/37b53_swiper_a7a860b8._.js:436
[     952ms] [LOG] Google Analytics initialized with denied consent @ :10
[     962ms] [LOG] Google Analytics consent restored: granted @ http://localhost:3000/_next/static/chunks/projects_uvibes-sitevitrine_src_components_12a11f02._.js:34
[     986ms] [WARNING] Image with src "http://localhost:3000/images/Vibration-right.svg" has either width or height modified, but not the other. If you use CSS to change the size of your image, also include the styles 'width: "auto"' or 'height: "auto"' to maintain the aspect ratio. @ http://localhost:3000/_next/static/chunks/e00ff_next_dist_401433b6._.js:1014
[    1299ms] [LOG] [Object, Object, Object, Object, Object] @ http://localhost:3000/_next/static/chunks/projects_uvibes-sitevitrine_58aae1ad._.js:2246
[    1365ms] [WARNING] Image with src "https://wp.uvibes.fr/wp-content/uploads/2026/01/Capture-decran-2026-01-11-a-16.06.33.png" has "fill" but is missing "sizes" prop. Please add it to improve page performance. Read more: https://nextjs.org/docs/api-reference/next/image#sizes @ http://localhost:3000/_next/static/chunks/e00ff_next_dist_401433b6._.js:1014
[    1366ms] [WARNING] Image with src "https://wp.uvibes.fr/wp-content/uploads/2024/08/Capture-decran-2024-08-18-a-13.26.40.png" has "fill" but is missing "sizes" prop. Please add it to improve page performance. Read more: https://nextjs.org/docs/api-reference/next/image#sizes @ http://localhost:3000/_next/static/chunks/e00ff_next_dist_401433b6._.js:1014
[    1388ms] [WARNING] Image with src "https://wp.uvibes.fr/wp-content/uploads/2025/06/gary-butterfield-YG8rZ323UsU-unsplash-scaled.jpg" has "fill" but is missing "sizes" prop. Please add it to improve page performance. Read more: https://nextjs.org/docs/api-reference/next/image#sizes @ http://localhost:3000/_next/static/chunks/e00ff_next_dist_401433b6._.js:1014
[  158259ms] [LOG] [Fast Refresh] rebuilding @ http://localhost:3000/_next/static/chunks/e00ff_next_dist_client_2572762d._.js:5956
[  158516ms] [LOG] [Fast Refresh] done in 226ms @ http://localhost:3000/_next/static/chunks/e00ff_next_dist_client_2572762d._.js:5816
[  172641ms] [LOG] [Fast Refresh] rebuilding @ http://localhost:3000/_next/static/chunks/e00ff_next_dist_client_2572762d._.js:5956
[  172659ms] [LOG] [Fast Refresh] done in 32ms @ http://localhost:3000/_next/static/chunks/e00ff_next_dist_client_2572762d._.js:5816
[  313267ms] [LOG] [Fast Refresh] rebuilding @ http://localhost:3000/_next/static/chunks/e00ff_next_dist_client_2572762d._.js:5956
[  313326ms] [LOG] [Fast Refresh] done in 159ms @ http://localhost:3000/_next/static/chunks/e00ff_next_dist_client_2572762d._.js:5816
[  558456ms] [LOG] [Fast Refresh] rebuilding @ http://localhost:3000/_next/static/chunks/e00ff_next_dist_client_2572762d._.js:5956
[  558487ms] [LOG] [Fast Refresh] done in 133ms @ http://localhost:3000/_next/static/chunks/e00ff_next_dist_client_2572762d._.js:5816
[  559700ms] [LOG] [Fast Refresh] rebuilding @ http://localhost:3000/_next/static/chunks/e00ff_next_dist_client_2572762d._.js:5956
[  559753ms] [LOG] [Fast Refresh] done in 153ms @ http://localhost:3000/_next/static/chunks/e00ff_next_dist_client_2572762d._.js:5816
[  573878ms] [LOG] [Fast Refresh] rebuilding @ http://localhost:3000/_next/static/chunks/e00ff_next_dist_client_2572762d._.js:5956
[  574231ms] [LOG] [Fast Refresh] done in 454ms @ http://localhost:3000/_next/static/chunks/e00ff_next_dist_client_2572762d._.js:5816
[  574332ms] [LOG] [Fast Refresh] rebuilding @ http://localhost:3000/_next/static/chunks/e00ff_next_dist_client_2572762d._.js:5956
[  574408ms] [LOG] [Fast Refresh] done in 176ms @ http://localhost:3000/_next/static/chunks/e00ff_next_dist_client_2572762d._.js:5816
[  903261ms] [LOG] [Fast Refresh] rebuilding @ http://localhost:3000/_next/static/chunks/e00ff_next_dist_client_2572762d._.js:5956
[  903321ms] [LOG] [Fast Refresh] done in 23ms @ http://localhost:3000/_next/static/chunks/e00ff_next_dist_client_2572762d._.js:5816
[  910825ms] [LOG] [Fast Refresh] rebuilding @ http://localhost:3000/_next/static/chunks/e00ff_next_dist_client_2572762d._.js:5956
[  911010ms] [LOG] [Fast Refresh] done in 22ms @ http://localhost:3000/_next/static/chunks/e00ff_next_dist_client_2572762d._.js:5816
[  916122ms] [LOG] [Fast Refresh] rebuilding @ http://localhost:3000/_next/static/chunks/e00ff_next_dist_client_2572762d._.js:5956
[  916151ms] [LOG] [Fast Refresh] done in 12ms @ http://localhost:3000/_next/static/chunks/e00ff_next_dist_client_2572762d._.js:5816
[  926773ms] [LOG] [Fast Refresh] rebuilding @ http://localhost:3000/_next/static/chunks/e00ff_next_dist_client_2572762d._.js:5956
[  926802ms] [LOG] [Fast Refresh] done in 33ms @ http://localhost:3000/_next/static/chunks/e00ff_next_dist_client_2572762d._.js:5816
[  933707ms] [LOG] [Fast Refresh] rebuilding @ http://localhost:3000/_next/static/chunks/e00ff_next_dist_client_2572762d._.js:5956
[  933732ms] [LOG] [Fast Refresh] done in 29ms @ http://localhost:3000/_next/static/chunks/e00ff_next_dist_client_2572762d._.js:5816
[  939111ms] [ERROR] ./projects/uvibes-sitevitrine/src/components/menu/Menu.tsx:154:8
Parsing ecmascript source code failed
  152 |           </nav>
  153 |         </div>
> 154 |       )}
      |        ^
  155 |     </>
  156 |   );
  157 | }

Unexpected token. Did you mean `{'}'}` or `&rbrace;`?

Import trace:
  Server Component:
    ./projects/uvibes-sitevitrine/src/components/menu/Menu.tsx
    ./projects/uvibes-sitevitrine/src/app/page.tsx @ http://localhost:3000/_next/static/chunks/e00ff_next_dist_401433b6._.js:2405
[  939130ms] [LOG] {file: Object} @ http://localhost:3000/_next/static/chunks/e00ff_next_dist_compiled_next-devtools_index_8a60341f.js:16058
[  939175ms] [LOG] [Fast Refresh] rebuilding @ http://localhost:3000/_next/static/chunks/e00ff_next_dist_client_2572762d._.js:5956
[  943162ms] [LOG] [Fast Refresh] rebuilding @ http://localhost:3000/_next/static/chunks/e00ff_next_dist_client_2572762d._.js:5956
[  943210ms] [LOG] [Fast Refresh] done in 43ms @ http://localhost:3000/_next/static/chunks/e00ff_next_dist_client_2572762d._.js:5816
[  942188ms] [LOG] [Fast Refresh] rebuilding @ http://localhost:3000/_next/static/chunks/e00ff_next_dist_client_2572762d._.js:5956
[  942204ms] [LOG] [Fast Refresh] done in 117ms @ http://localhost:3000/_next/static/chunks/e00ff_next_dist_client_2572762d._.js:5816
[  950290ms] [LOG] [Fast Refresh] rebuilding @ http://localhost:3000/_next/static/chunks/e00ff_next_dist_client_2572762d._.js:5956
[  950321ms] [LOG] [Fast Refresh] done in 15ms @ http://localhost:3000/_next/static/chunks/e00ff_next_dist_client_2572762d._.js:5816
[  968914ms] [LOG] [Fast Refresh] rebuilding @ http://localhost:3000/_next/static/chunks/e00ff_next_dist_client_2572762d._.js:5956
[  968943ms] [LOG] [Fast Refresh] done in 13ms @ http://localhost:3000/_next/static/chunks/e00ff_next_dist_client_2572762d._.js:5816
[  973922ms] [LOG] [Fast Refresh] rebuilding @ http://localhost:3000/_next/static/chunks/e00ff_next_dist_client_2572762d._.js:5956
[  973952ms] [LOG] [Fast Refresh] done in 6ms @ http://localhost:3000/_next/static/chunks/e00ff_next_dist_client_2572762d._.js:5816
