[     108ms] [LOG] [Fast Refresh] rebuilding @ http://localhost:3000/_next/static/chunks/e00ff_next_dist_client_2572762d._.js:5956
[     179ms] [LOG] [Fast Refresh] done in 171ms @ http://localhost:3000/_next/static/chunks/e00ff_next_dist_client_2572762d._.js:5816
[    1087ms] [INFO] %cDownload the React DevTools for a better development experience: https://react.dev/link/react-devtools font-weight:bold @ http://localhost:3000/_next/static/chunks/e00ff_next_dist_compiled_react-dom_83ad35ed._.js:14537
[    1193ms] [WARNING] Swiper Loop Warning: The number of slides is not enough for loop mode, it will be disabled or not function properly. You need to add more slides (or make duplicates) or lower the values of slidesPerView and slidesPerGroup parameters @ http://localhost:3000/_next/static/chunks/37b53_swiper_a7a860b8._.js:436
[    1197ms] [LOG] Google Analytics initialized with denied consent @ :10
[    1208ms] [LOG] Google Analytics consent restored: granted @ http://localhost:3000/_next/static/chunks/projects_uvibes-sitevitrine_src_components_12a11f02._.js:34
[    1228ms] [WARNING] Image with src "http://localhost:3000/images/Vibration-right.svg" has either width or height modified, but not the other. If you use CSS to change the size of your image, also include the styles 'width: "auto"' or 'height: "auto"' to maintain the aspect ratio. @ http://localhost:3000/_next/static/chunks/e00ff_next_dist_401433b6._.js:1014
[    1447ms] [LOG] [Object, Object, Object, Object, Object] @ http://localhost:3000/_next/static/chunks/projects_uvibes-sitevitrine_27083596._.js:2306
[   47122ms] [LOG] [Fast Refresh] rebuilding @ http://localhost:3000/_next/static/chunks/e00ff_next_dist_client_2572762d._.js:5956
[   47844ms] [LOG] [Fast Refresh] done in 823ms @ http://localhost:3000/_next/static/chunks/e00ff_next_dist_client_2572762d._.js:5816
[   47946ms] [LOG] [Fast Refresh] rebuilding @ http://localhost:3000/_next/static/chunks/e00ff_next_dist_client_2572762d._.js:5956
[   47949ms] [LOG] [Fast Refresh] done in 103ms @ http://localhost:3000/_next/static/chunks/e00ff_next_dist_client_2572762d._.js:5816
[   48066ms] [LOG] [Fast Refresh] rebuilding @ http://localhost:3000/_next/static/chunks/e00ff_next_dist_client_2572762d._.js:5956
[   48115ms] [LOG] [Fast Refresh] done in 149ms @ http://localhost:3000/_next/static/chunks/e00ff_next_dist_client_2572762d._.js:5816
[   49294ms] [LOG] [Fast Refresh] rebuilding @ http://localhost:3000/_next/static/chunks/e00ff_next_dist_client_2572762d._.js:5956
[   49331ms] [LOG] [Fast Refresh] done in 137ms @ http://localhost:3000/_next/static/chunks/e00ff_next_dist_client_2572762d._.js:5816
[   50791ms] [LOG] [Fast Refresh] rebuilding @ http://localhost:3000/_next/static/chunks/e00ff_next_dist_client_2572762d._.js:5956
[   51252ms] [LOG] [Fast Refresh] done in 562ms @ http://localhost:3000/_next/static/chunks/e00ff_next_dist_client_2572762d._.js:5816
[   51354ms] [LOG] [Fast Refresh] rebuilding @ http://localhost:3000/_next/static/chunks/e00ff_next_dist_client_2572762d._.js:5956
[   51387ms] [LOG] [Fast Refresh] done in 134ms @ http://localhost:3000/_next/static/chunks/e00ff_next_dist_client_2572762d._.js:5816
[   51489ms] [LOG] [Fast Refresh] rebuilding @ http://localhost:3000/_next/static/chunks/e00ff_next_dist_client_2572762d._.js:5956
[   51499ms] [LOG] [Fast Refresh] done in 110ms @ http://localhost:3000/_next/static/chunks/e00ff_next_dist_client_2572762d._.js:5816
[   52398ms] [LOG] [Fast Refresh] rebuilding @ http://localhost:3000/_next/static/chunks/e00ff_next_dist_client_2572762d._.js:5956
[   52661ms] [LOG] [Fast Refresh] done in 363ms @ http://localhost:3000/_next/static/chunks/e00ff_next_dist_client_2572762d._.js:5816
