[    1078ms] [INFO] %cDownload the React DevTools for a better development experience: https://react.dev/link/react-devtools font-weight:bold @ http://localhost:3000/_next/static/chunks/e00ff_next_dist_compiled_react-dom_83ad35ed._.js:14537
[    1219ms] [WARNING] Swiper Loop Warning: The number of slides is not enough for loop mode, it will be disabled or not function properly. You need to add more slides (or make duplicates) or lower the values of slidesPerView and slidesPerGroup parameters @ http://localhost:3000/_next/static/chunks/37b53_swiper_a7a860b8._.js:436
[    1224ms] [LOG] Google Analytics initialized with denied consent @ :10
[    1234ms] [LOG] Google Analytics consent restored: granted @ http://localhost:3000/_next/static/chunks/projects_uvibes-sitevitrine_src_components_12a11f02._.js:34
[    1255ms] [WARNING] Image with src "http://localhost:3000/images/Vibration-right.svg" has either width or height modified, but not the other. If you use CSS to change the size of your image, also include the styles 'width: "auto"' or 'height: "auto"' to maintain the aspect ratio. @ http://localhost:3000/_next/static/chunks/e00ff_next_dist_401433b6._.js:1014
[    1649ms] [LOG] [Object, Object, Object, Object, Object] @ http://localhost:3000/_next/static/chunks/projects_uvibes-sitevitrine_be3f1fac._.js:1971
[    1694ms] [WARNING] Image with src "https://wp.uvibes.fr/wp-content/uploads/2026/01/Capture-decran-2026-01-11-a-16.06.33.png" has "fill" but is missing "sizes" prop. Please add it to improve page performance. Read more: https://nextjs.org/docs/api-reference/next/image#sizes @ http://localhost:3000/_next/static/chunks/e00ff_next_dist_401433b6._.js:1014
[    1707ms] [WARNING] Image with src "https://wp.uvibes.fr/wp-content/uploads/2025/06/gary-butterfield-YG8rZ323UsU-unsplash-scaled.jpg" has "fill" but is missing "sizes" prop. Please add it to improve page performance. Read more: https://nextjs.org/docs/api-reference/next/image#sizes @ http://localhost:3000/_next/static/chunks/e00ff_next_dist_401433b6._.js:1014
[    1708ms] [WARNING] Image with src "https://wp.uvibes.fr/wp-content/uploads/2024/08/Capture-decran-2024-08-18-a-13.26.40.png" has "fill" but is missing "sizes" prop. Please add it to improve page performance. Read more: https://nextjs.org/docs/api-reference/next/image#sizes @ http://localhost:3000/_next/static/chunks/e00ff_next_dist_401433b6._.js:1014
[   84104ms] [LOG] [Fast Refresh] rebuilding @ http://localhost:3000/_next/static/chunks/e00ff_next_dist_client_2572762d._.js:5956
[   84212ms] [WARNING] [HMR] Invalid message: {"isTrusted":true}
TypeError: Cannot convert undefined or null to object
    at Object.keys (<anonymous>)
    at extractModulesFromTurbopackMessage (http://localhost:3000/_next/static/chunks/e00ff_next_dist_client_2572762d._.js:5981:39)
    at TurbopackHmr.onTurbopackMessage (http://localhost:3000/_next/static/chunks/e00ff_next_dist_client_2572762d._.js:5879:32)
    at processMessage (http://localhost:3000/_next/static/chunks/e00ff_next_dist_client_2572762d._.js:6283:30)
    at WebSocket.handler (http://localhost:3000/_next/static/chunks/e00ff_next_dist_client_2572762d._.js:6424:17) @ http://localhost:3000/_next/static/chunks/e00ff_next_dist_client_2572762d._.js:5609
[   84235ms] [LOG] [Fast Refresh] done in 171ms @ http://localhost:3000/_next/static/chunks/e00ff_next_dist_client_2572762d._.js:5816
[   84345ms] [LOG] [Fast Refresh] rebuilding @ http://localhost:3000/_next/static/chunks/e00ff_next_dist_client_2572762d._.js:5956
[   84413ms] [LOG] [Fast Refresh] done in 169ms @ http://localhost:3000/_next/static/chunks/e00ff_next_dist_client_2572762d._.js:5816
[   84505ms] ReferenceError: FlyerGallery is not defined
    at Home (about://React/Server/file:///home/falek/projects/uvibes-sitevitrine/.next/server/chunks/ssr/%5Broot-of-the-server%5D__3cd47ed1._.js?98:1058:430)
    at resolveErrorDev (http://localhost:3000/_next/static/chunks/e00ff_next_dist_compiled_a8420bc9._.js:4306:48)
    at processFullStringRow (http://localhost:3000/_next/static/chunks/e00ff_next_dist_compiled_a8420bc9._.js:4554:29)
    at processFullBinaryRow (http://localhost:3000/_next/static/chunks/e00ff_next_dist_compiled_a8420bc9._.js:4513:9)
    at processBinaryChunk (http://localhost:3000/_next/static/chunks/e00ff_next_dist_compiled_a8420bc9._.js:4622:98)
    at progress (http://localhost:3000/_next/static/chunks/e00ff_next_dist_compiled_a8420bc9._.js:4790:25)
[   90187ms] [LOG] [Fast Refresh] rebuilding @ http://localhost:3000/_next/static/chunks/e00ff_next_dist_client_2572762d._.js:5956
[   90362ms] [LOG] [Fast Refresh] done in 12ms @ http://localhost:3000/_next/static/chunks/e00ff_next_dist_client_2572762d._.js:5816
[   91473ms] [INFO] %cDownload the React DevTools for a better development experience: https://react.dev/link/react-devtools font-weight:bold @ http://localhost:3000/_next/static/chunks/e00ff_next_dist_compiled_react-dom_83ad35ed._.js:14537
[   91614ms] [WARNING] Swiper Loop Warning: The number of slides is not enough for loop mode, it will be disabled or not function properly. You need to add more slides (or make duplicates) or lower the values of slidesPerView and slidesPerGroup parameters @ http://localhost:3000/_next/static/chunks/37b53_swiper_a7a860b8._.js:436
[   91619ms] [LOG] Google Analytics initialized with denied consent @ :10
[   91627ms] [LOG] Google Analytics consent restored: granted @ http://localhost:3000/_next/static/chunks/projects_uvibes-sitevitrine_src_components_12a11f02._.js:34
[   91645ms] [WARNING] Image with src "http://localhost:3000/images/Vibration-right.svg" has either width or height modified, but not the other. If you use CSS to change the size of your image, also include the styles 'width: "auto"' or 'height: "auto"' to maintain the aspect ratio. @ http://localhost:3000/_next/static/chunks/e00ff_next_dist_401433b6._.js:1014
[   92101ms] [LOG] [Object, Object, Object, Object, Object] @ http://localhost:3000/_next/static/chunks/projects_uvibes-sitevitrine_3cd26a68._.js:1971
[   92161ms] [WARNING] Image with src "https://wp.uvibes.fr/wp-content/uploads/2026/01/Capture-decran-2026-01-11-a-16.06.33.png" has "fill" but is missing "sizes" prop. Please add it to improve page performance. Read more: https://nextjs.org/docs/api-reference/next/image#sizes @ http://localhost:3000/_next/static/chunks/e00ff_next_dist_401433b6._.js:1014
[   92176ms] [WARNING] Image with src "https://wp.uvibes.fr/wp-content/uploads/2025/06/gary-butterfield-YG8rZ323UsU-unsplash-scaled.jpg" has "fill" but is missing "sizes" prop. Please add it to improve page performance. Read more: https://nextjs.org/docs/api-reference/next/image#sizes @ http://localhost:3000/_next/static/chunks/e00ff_next_dist_401433b6._.js:1014
[   92177ms] [WARNING] Image with src "https://wp.uvibes.fr/wp-content/uploads/2024/08/Capture-decran-2024-08-18-a-13.26.40.png" has "fill" but is missing "sizes" prop. Please add it to improve page performance. Read more: https://nextjs.org/docs/api-reference/next/image#sizes @ http://localhost:3000/_next/static/chunks/e00ff_next_dist_401433b6._.js:1014
[  119536ms] [LOG] [Fast Refresh] rebuilding @ http://localhost:3000/_next/static/chunks/e00ff_next_dist_client_2572762d._.js:5956
[  119602ms] [LOG] [Fast Refresh] done in 17ms @ http://localhost:3000/_next/static/chunks/e00ff_next_dist_client_2572762d._.js:5816
[  119711ms] [LOG] [Fast Refresh] rebuilding @ http://localhost:3000/_next/static/chunks/e00ff_next_dist_client_2572762d._.js:5956
[  119800ms] [LOG] [Fast Refresh] done in 189ms @ http://localhost:3000/_next/static/chunks/e00ff_next_dist_client_2572762d._.js:5816
[  147833ms] [LOG] [Fast Refresh] rebuilding @ http://localhost:3000/_next/static/chunks/e00ff_next_dist_client_2572762d._.js:5956
[  148030ms] [LOG] [Fast Refresh] done in 16ms @ http://localhost:3000/_next/static/chunks/e00ff_next_dist_client_2572762d._.js:5816
