[      76ms] [ERROR] Failed to load resource: the server responded with a status of 500 (Internal Server Error) @ http://localhost:3000/:0
[     157ms] [INFO] %cDownload the React DevTools for a better development experience: https://react.dev/link/react-devtools font-weight:bold @ http://localhost:3000/_next/static/chunks/d835e_react-dom_16a197fd._.js:15305
[     170ms] Error: ./projects/uvibes-sitevitrine/src/components/section/WhyUvibes.tsx:3:35
Parsing ecmascript source code failed
  1 | 'use client';
  2 |
> 3 | import { useEffect, useRef } from “react”;
    |                                   ^^^
  4 | import { getVideoUrl } from “@/utils/videoUrl”;
  5 | import “../../styles/section/whyUvibes.css”;
  6 |

Unexpected token `<lexing error: Error { error: (50..50, UnexpectedChar { c: '“' }) }>`. Expected a string literal

Import trace:
  Server Component:
    ./projects/uvibes-sitevitrine/src/components/section/WhyUvibes.tsx
    ./projects/uvibes-sitevitrine/src/app/page.tsx


    at <unknown> (Error: ./projects/uvibes-sitevitrine/src/components/section/WhyUvibes.tsx:3:35)
    at Object.getCompilationErrors (file:///home/falek/projects/uvibes-sitevitrine/node_modules/.pnpm/next@15.5.18_react-dom@19.2.6_react@19.2.6__react@19.2.6/node_modules/next/dist/server/dev/hot-reloader-turbopack.js:775:59)
    at DevBundlerService.getCompilationError (file:///home/falek/projects/uvibes-sitevitrine/node_modules/.pnpm/next@15.5.18_react-dom@19.2.6_react@19.2.6__react@19.2.6/node_modules/next/dist/server/lib/dev-bundler-service.js:39:55)
    at DevServer.getCompilationError (file:///home/falek/projects/uvibes-sitevitrine/node_modules/.pnpm/next@15.5.18_react-dom@19.2.6_react@19.2.6__react@19.2.6/node_modules/next/dist/server/dev/next-dev-server.js:721:42)
    at DevServer.findPageComponents (file:///home/falek/projects/uvibes-sitevitrine/node_modules/.pnpm/next@15.5.18_react-dom@19.2.6_react@19.2.6__react@19.2.6/node_modules/next/dist/server/dev/next-dev-server.js:691:43)
    at async DevServer.renderErrorToResponseImpl (file:///home/falek/projects/uvibes-sitevitrine/node_modules/.pnpm/next@15.5.18_react-dom@19.2.6_react@19.2.6__react@19.2.6/node_modules/next/dist/server/base-server.js:1695:26)
[     167ms] [LOG] [HMR] connected @ http://localhost:3000/_next/static/chunks/e00ff_next_dist_client_08a0fefb._.js:2208
[     169ms] [ERROR] ./projects/uvibes-sitevitrine/src/components/section/WhyUvibes.tsx:3:35
Parsing ecmascript source code failed
  1 | 'use client';
  2 |
> 3 | import { useEffect, useRef } from “react”;
    |                                   ^^^
  4 | import { getVideoUrl } from “@/utils/videoUrl”;
  5 | import “../../styles/section/whyUvibes.css”;
  6 |

Unexpected token `<lexing error: Error { error: (50..50, UnexpectedChar { c: '“' }) }>`. Expected a string literal

Import trace:
  Server Component:
    ./projects/uvibes-sitevitrine/src/components/section/WhyUvibes.tsx
    ./projects/uvibes-sitevitrine/src/app/page.tsx @ http://localhost:3000/_next/static/chunks/e00ff_next_dist_4e26cc58._.js:1747
[     182ms] [LOG] {file: Object} @ http://localhost:3000/_next/static/chunks/e00ff_next_dist_compiled_next-devtools_index_729cdce4.js:16058
[     205ms] [ERROR] ./projects/uvibes-sitevitrine/src/components/section/WhyUvibes.tsx:3:35
Parsing ecmascript source code failed
  1 | 'use client';
  2 |
> 3 | import { useEffect, useRef } from “react”;
    |                                   ^^^
  4 | import { getVideoUrl } from “@/utils/videoUrl”;
  5 | import “../../styles/section/whyUvibes.css”;
  6 |

Unexpected token `<lexing error: Error { error: (50..50, UnexpectedChar { c: '“' }) }>`. Expected a string literal

Import trace:
  Server Component:
    ./projects/uvibes-sitevitrine/src/components/section/WhyUvibes.tsx
    ./projects/uvibes-sitevitrine/src/app/page.tsx @ http://localhost:3000/_next/static/chunks/e00ff_next_dist_4e26cc58._.js:1747
[     271ms] [LOG] [Fast Refresh] rebuilding @ http://localhost:3000/_next/static/chunks/e00ff_next_dist_client_08a0fefb._.js:2496
[   11322ms] [LOG] [Fast Refresh] rebuilding @ http://localhost:3000/_next/static/chunks/e00ff_next_dist_client_08a0fefb._.js:2496
[   11401ms] [WARNING] [Fast Refresh] performing full reload because your application had an unrecoverable error @ http://localhost:3000/_next/static/chunks/e00ff_next_dist_client_08a0fefb._.js:2843
[   11453ms] [LOG] [Fast Refresh] done in 179ms @ http://localhost:3000/_next/static/chunks/e00ff_next_dist_client_08a0fefb._.js:2356
[   12774ms] [INFO] %cDownload the React DevTools for a better development experience: https://react.dev/link/react-devtools font-weight:bold @ http://localhost:3000/_next/static/chunks/e00ff_next_dist_compiled_react-dom_83ad35ed._.js:14537
[   12958ms] [WARNING] Swiper Loop Warning: The number of slides is not enough for loop mode, it will be disabled or not function properly. You need to add more slides (or make duplicates) or lower the values of slidesPerView and slidesPerGroup parameters @ http://localhost:3000/_next/static/chunks/37b53_swiper_a7a860b8._.js:436
[   12963ms] [LOG] Google Analytics initialized with denied consent @ :10
[   12970ms] [LOG] Google Analytics consent restored: granted @ http://localhost:3000/_next/static/chunks/projects_uvibes-sitevitrine_src_components_12a11f02._.js:34
[   12994ms] [WARNING] Image with src "http://localhost:3000/images/Vibration-right.svg" has either width or height modified, but not the other. If you use CSS to change the size of your image, also include the styles 'width: "auto"' or 'height: "auto"' to maintain the aspect ratio. @ http://localhost:3000/_next/static/chunks/e00ff_next_dist_401433b6._.js:1014
[   13445ms] [LOG] [Object, Object, Object, Object, Object] @ http://localhost:3000/_next/static/chunks/projects_uvibes-sitevitrine_55434233._.js:2180
