[     849ms] [INFO] %cDownload the React DevTools for a better development experience: https://react.dev/link/react-devtools font-weight:bold @ http://localhost:3000/_next/static/chunks/e00ff_next_dist_compiled_react-dom_83ad35ed._.js:14537
[     967ms] [WARNING] Swiper Loop Warning: The number of slides is not enough for loop mode, it will be disabled or not function properly. You need to add more slides (or make duplicates) or lower the values of slidesPerView and slidesPerGroup parameters @ http://localhost:3000/_next/static/chunks/37b53_swiper_a7a860b8._.js:436
[     972ms] [LOG] Google Analytics initialized with denied consent @ :10
[     981ms] [LOG] Google Analytics consent restored: granted @ http://localhost:3000/_next/static/chunks/projects_uvibes-sitevitrine_src_components_12a11f02._.js:34
[    1002ms] [WARNING] Image with src "http://localhost:3000/images/Vibration-right.svg" has either width or height modified, but not the other. If you use CSS to change the size of your image, also include the styles 'width: "auto"' or 'height: "auto"' to maintain the aspect ratio. @ http://localhost:3000/_next/static/chunks/e00ff_next_dist_401433b6._.js:1014
[    1228ms] [LOG] [Object, Object, Object, Object, Object] @ http://localhost:3000/_next/static/chunks/projects_uvibes-sitevitrine_27083596._.js:2306
[  373431ms] [LOG] [Fast Refresh] rebuilding @ http://localhost:3000/_next/static/chunks/e00ff_next_dist_client_2572762d._.js:5956
[  373516ms] [WARNING] [HMR] Invalid message: {"isTrusted":true}
TypeError: Cannot convert undefined or null to object
    at Object.keys (<anonymous>)
    at extractModulesFromTurbopackMessage (http://localhost:3000/_next/static/chunks/e00ff_next_dist_client_2572762d._.js:5981:39)
    at TurbopackHmr.onTurbopackMessage (http://localhost:3000/_next/static/chunks/e00ff_next_dist_client_2572762d._.js:5879:32)
    at processMessage (http://localhost:3000/_next/static/chunks/e00ff_next_dist_client_2572762d._.js:6283:30)
    at WebSocket.handler (http://localhost:3000/_next/static/chunks/e00ff_next_dist_client_2572762d._.js:6424:17) @ http://localhost:3000/_next/static/chunks/e00ff_next_dist_client_2572762d._.js:5609
[  373539ms] [LOG] [Fast Refresh] done in 181ms @ http://localhost:3000/_next/static/chunks/e00ff_next_dist_client_2572762d._.js:5816
[  373660ms] [LOG] [Fast Refresh] rebuilding @ http://localhost:3000/_next/static/chunks/e00ff_next_dist_client_2572762d._.js:5956
[  373758ms] [LOG] [Fast Refresh] done in 199ms @ http://localhost:3000/_next/static/chunks/e00ff_next_dist_client_2572762d._.js:5816
[  373810ms] ReferenceError: InspirationSection is not defined
    at Home (about://React/Server/file:///home/falek/projects/uvibes-sitevitrine/.next/server/chunks/ssr/%5Broot-of-the-server%5D__3cd47ed1._.js?115:1053:430)
    at resolveErrorDev (http://localhost:3000/_next/static/chunks/e00ff_next_dist_compiled_a8420bc9._.js:4306:48)
    at processFullStringRow (http://localhost:3000/_next/static/chunks/e00ff_next_dist_compiled_a8420bc9._.js:4554:29)
    at processFullBinaryRow (http://localhost:3000/_next/static/chunks/e00ff_next_dist_compiled_a8420bc9._.js:4513:9)
    at processBinaryChunk (http://localhost:3000/_next/static/chunks/e00ff_next_dist_compiled_a8420bc9._.js:4622:98)
    at progress (http://localhost:3000/_next/static/chunks/e00ff_next_dist_compiled_a8420bc9._.js:4790:25)
[  385718ms] [LOG] [Fast Refresh] rebuilding @ http://localhost:3000/_next/static/chunks/e00ff_next_dist_client_2572762d._.js:5956
[  385917ms] [LOG] [Fast Refresh] done in 17ms @ http://localhost:3000/_next/static/chunks/e00ff_next_dist_client_2572762d._.js:5816
[  387116ms] [INFO] %cDownload the React DevTools for a better development experience: https://react.dev/link/react-devtools font-weight:bold @ http://localhost:3000/_next/static/chunks/e00ff_next_dist_compiled_react-dom_83ad35ed._.js:14537
[  387266ms] [WARNING] Swiper Loop Warning: The number of slides is not enough for loop mode, it will be disabled or not function properly. You need to add more slides (or make duplicates) or lower the values of slidesPerView and slidesPerGroup parameters @ http://localhost:3000/_next/static/chunks/37b53_swiper_a7a860b8._.js:436
[  387271ms] [LOG] Google Analytics initialized with denied consent @ :10
[  387282ms] [LOG] Google Analytics consent restored: granted @ http://localhost:3000/_next/static/chunks/projects_uvibes-sitevitrine_src_components_12a11f02._.js:34
[  387301ms] [WARNING] Image with src "http://localhost:3000/images/Vibration-right.svg" has either width or height modified, but not the other. If you use CSS to change the size of your image, also include the styles 'width: "auto"' or 'height: "auto"' to maintain the aspect ratio. @ http://localhost:3000/_next/static/chunks/e00ff_next_dist_401433b6._.js:1014
[  387656ms] [LOG] [Object, Object, Object, Object, Object] @ http://localhost:3000/_next/static/chunks/projects_uvibes-sitevitrine_3cd26a68._.js:1986
